{"u_token":"u9pCkGLUeO6QEq2efAW9e5Z4WEVsLifZ","part_number":"ESP32-PICO-MINI-02","manufacturer":"Espressif Systems","mode":"place-part","plugin":".snap","source":"https://www.snapeda.com"}